[08:19:38] shard 1/4 on cuda (visible: 1)
[08:19:38] loading aggregate (~2.5 GB)...
[08:19:40] pooled regime: 450 train + 90 test
[08:19:40] summing train stats over 450 examples...
[08:21:50] stats cache: {'entries': 128, 'hits': 1, 'misses': 450, 'hit_rate': 0.0022172949002217295}
[08:21:50] building QPCA basis (fp64 eigendecomps in M_q^±1/2 and A)...
[08:21:52] QPCA shapes: forward=(36, 8, 128, 128) inverse=(36, 8, 128, 128) eigvals=(36, 8, 128)
[08:21:52] shard 1: eval slice = 23 idx
[08:21:55] building compressors for 288 (L,H) × 3 bits...
[08:22:00] compressors ready
[08:22:06] shard 1 idx 1/23 (#68) done in 6.0s
[08:22:35] shard 1 idx 2/23 (#72) done in 29.0s
[08:22:52] shard 1 idx 3/23 (#76) done in 17.2s
[08:22:56] shard 1 idx 4/23 (#89) done in 4.0s
[08:24:09] shard 1 idx 5/23 (#160) done in 72.9s
[08:24:12] shard 1 idx 6/23 (#164) done in 3.3s
[08:24:56] shard 1 idx 7/23 (#168) done in 43.5s
[08:25:05] shard 1 idx 8/23 (#248) done in 9.3s
[08:25:37] shard 1 idx 9/23 (#252) done in 32.2s
[08:25:59] shard 1 idx 10/23 (#256) done in 21.9s
[08:26:02] shard 1 idx 11/23 (#268) done in 2.7s
[08:27:08] shard 1 idx 12/23 (#339) done in 66.1s
[08:27:12] shard 1 idx 13/23 (#343) done in 3.9s
[08:27:59] shard 1 idx 14/23 (#347) done in 47.5s
[08:28:06] shard 1 idx 15/23 (#359) done in 7.3s
[08:29:19] shard 1 idx 16/23 (#429) done in 72.2s
[08:29:23] shard 1 idx 17/23 (#433) done in 4.0s
[08:30:17] shard 1 idx 18/23 (#437) done in 54.6s
[08:30:20] shard 1 idx 19/23 (#449) done in 3.1s
[08:30:45] shard 1 idx 20/23 (#519) done in 24.6s
[08:30:48] shard 1 idx 21/23 (#523) done in 3.4s
[08:31:21] shard 1 idx 22/23 (#527) done in 32.8s
[08:31:24] shard 1 idx 23/23 (#539) done in 3.0s
[08:31:24] shard 1: wrote artifacts/calibration/longbench_compact9_qkv_qwen3_8b/05_reports/pooled_n50_qpca/shard_001.json (elapsed 565s)
