[09:17:39] shard 4/6 on cuda (visible: 4)
[09:17:39] loading aggregate (~2.5 GB)...
[09:17:41] pooled regime: 450 train + 90 test
[09:17:41] summing train stats over 450 examples...
[09:20:59] stats cache: {'entries': 128, 'hits': 1, 'misses': 450, 'hit_rate': 0.0022172949002217295}
[09:20:59] building jointqk basis (orthogonal eigvec)...
[09:21:00] building qpca basis (fp64)...
[09:21:01] shard 4: eval slice = 15 idx
[09:21:01] building compressors: 2 methods × 288 (L,H) × 3 bits...
[09:21:16] compressors ready
[09:23:08] shard 4 idx 1/15 (#71, task=musique) done in 111.6s
[09:24:31] shard 4 idx 2/15 (#77, task=passage_retrieval_en) done in 83.5s
[09:25:26] shard 4 idx 3/15 (#159, task=hotpotqa) done in 54.5s
[09:28:46] shard 4 idx 4/15 (#165, task=triviaqa) done in 200.9s
[09:29:15] shard 4 idx 5/15 (#247, task=qasper) done in 28.2s
[09:29:23] shard 4 idx 6/15 (#253, task=multi_news) done in 8.3s
[09:29:32] shard 4 idx 7/15 (#259, task=repobench-p) done in 8.9s
[09:31:44] shard 4 idx 8/15 (#340, task=musique) done in 131.8s
[09:33:00] shard 4 idx 9/15 (#346, task=triviaqa) done in 76.5s
[09:33:21] shard 4 idx 10/15 (#426, task=qasper) done in 20.8s
[09:33:59] shard 4 idx 11/15 (#432, task=qmsum) done in 37.9s
[09:37:38] shard 4 idx 12/15 (#438, task=repobench-p) done in 219.4s
[09:38:46] shard 4 idx 13/15 (#518, task=hotpotqa) done in 68.0s
[09:38:54] shard 4 idx 14/15 (#524, task=multi_news) done in 8.0s
[09:39:00] shard 4 idx 15/15 (#538, task=lcc) done in 6.0s
[09:39:00] shard 4: wrote artifacts/calibration/longbench_compact9_qkv_qwen3_8b/05_reports/per_task_qpca_vs_jointqk/shard_004.json (elapsed 1064s)
