[09:17:39] shard 5/6 on cuda (visible: 5)
[09:17:39] loading aggregate (~2.5 GB)...
[09:17:41] pooled regime: 450 train + 90 test
[09:17:41] summing train stats over 450 examples...
[09:20:59] stats cache: {'entries': 128, 'hits': 1, 'misses': 450, 'hit_rate': 0.0022172949002217295}
[09:20:59] building jointqk basis (orthogonal eigvec)...
[09:21:00] building qpca basis (fp64)...
[09:21:02] shard 5: eval slice = 15 idx
[09:21:02] building compressors: 2 methods × 288 (L,H) × 3 bits...
[09:21:16] compressors ready
[09:22:12] shard 5 idx 1/15 (#72, task=qmsum) done in 56.0s
[09:23:30] shard 5 idx 2/15 (#78, task=passage_retrieval_en) done in 77.8s
[09:25:49] shard 5 idx 3/15 (#160, task=musique) done in 139.3s
[09:30:18] shard 5 idx 4/15 (#166, task=triviaqa) done in 269.1s
[09:30:37] shard 5 idx 5/15 (#248, task=hotpotqa) done in 18.7s
[09:30:45] shard 5 idx 6/15 (#254, task=multi_news) done in 8.4s
[09:30:51] shard 5 idx 7/15 (#268, task=lcc) done in 5.3s
[09:33:10] shard 5 idx 8/15 (#341, task=musique) done in 139.3s
[09:34:41] shard 5 idx 9/15 (#347, task=passage_retrieval_en) done in 91.0s
[09:34:49] shard 5 idx 10/15 (#427, task=qasper) done in 8.3s
[09:34:57] shard 5 idx 11/15 (#433, task=multi_news) done in 7.7s
[09:35:28] shard 5 idx 12/15 (#439, task=repobench-p) done in 30.4s
[09:36:16] shard 5 idx 13/15 (#519, task=hotpotqa) done in 48.2s
[09:39:14] shard 5 idx 14/15 (#525, task=triviaqa) done in 178.0s
[09:39:20] shard 5 idx 15/15 (#539, task=lcc) done in 6.1s
[09:39:20] shard 5: wrote artifacts/calibration/longbench_compact9_qkv_qwen3_8b/05_reports/per_task_qpca_vs_jointqk/shard_005.json (elapsed 1084s)
